2025-12-23 17:27:16,186 | INFO | START FORECASTING ORCHESTRATION (TIERED)
2025-12-23 17:27:16,187 | INFO | TIER 1: Running city-level ETS/STL
2025-12-23 17:27:16,187 | INFO | RUNNING: python AI_forecasting\src\models\classical\ets_stl_forecast.py
2025-12-23 17:27:19,277 | INFO | TIER 2: Running SARIMAX for Top-10 wards
2025-12-23 17:27:19,278 | INFO | RUNNING: python AI_forecasting\src\models\classical\sarimax_forecast.py
2025-12-23 18:15:51,184 | INFO | START FORECASTING ORCHESTRATION (TIERED)
2025-12-23 18:15:51,184 | INFO | TIER 1: Running city-level ETS/STL
2025-12-23 18:15:51,185 | INFO | RUNNING: python AI_forecasting\src\models\classical\ets_stl_forecast.py
2025-12-23 18:15:53,004 | INFO | TIER 2: Running SARIMAX for Top-10 wards
2025-12-23 18:15:53,004 | INFO | RUNNING: python AI_forecasting\src\models\classical\sarimax_forecast.py
2025-12-23 18:18:58,491 | INFO | TIER 3: Computing sustainability alarms
2025-12-23 18:25:08,122 | INFO | START FORECASTING ORCHESTRATION (TIERED)
2025-12-23 18:25:08,122 | INFO | TIER 1: Running city-level ETS/STL
2025-12-23 18:25:08,122 | INFO | RUNNING: python AI_forecasting\src\models\classical\ets_stl_forecast.py
2025-12-23 18:25:09,943 | INFO | TIER 2: Running SARIMAX for Top-10 wards
2025-12-23 18:25:09,943 | INFO | RUNNING: python AI_forecasting\src\models\classical\sarimax_forecast.py
2025-12-23 18:28:14,790 | INFO | TIER 3: Computing sustainability alarms
2025-12-23 18:28:14,812 | INFO | END RUN | duration_sec=186.7
2025-12-23 19:04:48,354 | INFO | TIER 2: Running SARIMAX (Top wards handled internally)
2025-12-23 19:06:22,564 | INFO | TIER 2: Running SARIMAX (Top wards handled internally)
2025-12-23 19:06:22,564 | INFO | RUNNING: python AI_forecasting\src\models\classical\sarimax_forecast.py
2025-12-23 19:09:34,213 | INFO | TIER 1: Running ETS/STL (city-level)
2025-12-23 19:09:34,213 | INFO | RUNNING: python AI_forecasting\src\models\classical\ets_stl_forecast.py
2025-12-23 19:09:35,997 | INFO | orchestration complete
2025-12-23 19:26:43,582 | INFO | TIER 2: Running SARIMAX (Top wards handled internally)
2025-12-23 19:26:43,582 | INFO | RUNNING: python AI_forecasting\src\models\classical\sarimax_forecast.py
2025-12-23 19:29:53,425 | INFO | TIER 1: Running ETS/STL (city-level)
2025-12-23 19:29:53,425 | INFO | RUNNING: python AI_forecasting\src\models\classical\ets_stl_forecast.py
2025-12-23 19:47:45,171 | INFO | TIER 2: Running SARIMAX (Top wards handled internally)
2025-12-23 19:47:45,171 | INFO | RUNNING: python AI_forecasting\src\models\classical\sarimax_forecast.py
2025-12-23 19:50:53,200 | INFO | TIER 1: Running ETS/STL (city-level)
2025-12-23 19:50:53,200 | INFO | RUNNING: python AI_forecasting\src\models\classical\ets_stl_forecast.py
2025-12-23 19:50:55,054 | INFO | orchestration complete
