2025-12-21 20:31:48,064 - INFO - Loading wards parquet: statistical_inference\data\input\wards_master.parquet
2025-12-21 20:38:53,249 - INFO - Loading wards parquet: statistical_inference\data\input\wards_masterdata.parquet
2025-12-21 20:38:53,300 - INFO - Loaded GeoDataFrame rows: 198; CRS: {"$schema": "https://proj.org/schemas/v0.7/projjson.schema.json", "type": "GeographicCRS", "name": "WGS 84", "datum_ensemble": {"name": "World Geodetic System 1984 ensemble", "members": [{"name": "World Geodetic System 1984 (Transit)"}, {"name": "World Geodetic System 1984 (G730)"}, {"name": "World Geodetic System 1984 (G873)"}, {"name": "World Geodetic System 1984 (G1150)"}, {"name": "World Geodetic System 1984 (G1674)"}, {"name": "World Geodetic System 1984 (G1762)"}, {"name": "World Geodetic System 1984 (G2139)"}, {"name": "World Geodetic System 1984 (G2296)"}], "ellipsoid": {"name": "WGS 84", "semi_major_axis": 6378137, "inverse_flattening": 298.257223563}, "accuracy": "2.0", "id": {"authority": "EPSG", "code": 6326}}, "coordinate_system": {"subtype": "ellipsoidal", "axis": [{"name": "Geodetic latitude", "abbreviation": "Lat", "direction": "north", "unit": "degree"}, {"name": "Geodetic longitude", "abbreviation": "Lon", "direction": "east", "unit": "degree"}]}, "scope": "Horizontal component of 3D system.", "area": "World.", "bbox": {"south_latitude": -90, "west_longitude": -180, "north_latitude": 90, "east_longitude": 180}, "id": {"authority": "EPSG", "code": 4326}}
2025-12-21 20:38:53,320 - INFO - Wrote descriptive summary: statistical_inference\artifacts\descriptive\descriptive_summary.csv
2025-12-21 20:38:53,356 - INFO - Created 198 records
2025-12-21 20:38:53,366 - INFO - Saved enriched ward-level tables and geometries
2025-12-21 20:38:53,478 - INFO - Built Queen contiguity weights.
2025-12-21 20:39:07,840 - INFO - Moran congestion_index_mean: I=0.0410, p=0.138
2025-12-21 20:39:07,858 - INFO - Moran aqi_mean: I=-0.0034, p=0.248
2025-12-21 20:39:07,876 - INFO - Moran population_est: I=0.3666, p=0.001
2025-12-21 20:39:07,892 - INFO - Moran income_index_mean: I=0.5577, p=0.001
2025-12-21 20:39:07,909 - INFO - Moran it_job_density_mean: I=0.4363, p=0.001
2025-12-21 20:39:07,913 - INFO - Wrote LISA CSV: statistical_inference\artifacts\spatial\wards_lisa.csv
2025-12-21 20:39:07,915 - INFO - Wrote correlation matrix:statistical_inference\artifacts\descriptive\correlation_matrix.csv
2025-12-21 20:39:07,922 - INFO - Wrote VIF: statistical_inference\artifacts\regression\vif.csv
2025-12-21 20:39:07,931 - INFO - Saved OLS model to joblib
2025-12-21 20:39:07,937 - INFO - Wrote OLS summary: statistical_inference\artifacts\regression\ols_population_summary.txt
2025-12-21 20:39:07,949 - INFO - Saved Poisson model to joblib
2025-12-21 20:39:07,952 - INFO - Wrote Poisson summary: statistical_inference\artifacts\regression\poisson_outflow_summary.txt
2025-12-21 20:39:08,817 - INFO - Wrote correlation heatmap:statistical_inference\figures\diagnostics\correlation_heatmap.png
2025-12-21 20:39:09,306 - INFO - Created 198 records
2025-12-21 20:39:09,306 - INFO - Saved final enriched GeoJSON: statistical_inference\data\derived\wards_enriched.geojson
2025-12-21 20:39:09,306 - INFO - Descriptive statistical baseline completed successfully
